// Jest Snapshot v1, https://goo.gl/fbAQLP

exports[`SearchPage tests Should render the search form 1`] = `
<div>
  <h1>
    Search Page
  </h1>
  <hr />
  <div
    class="row"
  >
    <div
      class="col-5"
    >
      <h4>
        Find your hero
      </h4>
      <hr />
      <form
        aria-label="form"
      >
        <input
          autocomplete="off"
          class="form-control"
          name="searchText"
          placeholder="type here your hero's name"
          type="text"
          value=""
        />
        <button
          class="btn btn-outline-info mt-2"
        >
          Search
        </button>
      </form>
    </div>
    <div
      class="col-7"
    >
      <h4>
        Results
      </h4>
      <hr />
      <div
        class="alert alert-info animate__animated animate__fadeIn"
      >
        Search a hero
      </div>
    </div>
  </div>
</div>
`;
